#-----------------------------------------------------------
# Vivado v2015.2 (64-bit)
# SW Build 1266856 on Fri Jun 26 16:35:25 MDT 2015
# IP Build 1264090 on Wed Jun 24 14:22:01 MDT 2015
# Start of session at: Tue Mar 12 08:07:57 2019
# Process ID: 2924
# Log file: C:/Users/Administrator/Desktop/CPU/final_cpu/final_cpu/vivado.log
# Journal file: C:/Users/Administrator/Desktop/CPU/final_cpu/final_cpu\vivado.jou
#-----------------------------------------------------------
start_gui
open_project C:/Users/Administrator/Desktop/CPU/final_cpu/final_cpu/final_cpu.xpr
close [ open C:/Users/Administrator/Desktop/CPU/final_cpu/final_cpu/final_cpu.srcs/sources_1/new/if_id.v w ]
add_files C:/Users/Administrator/Desktop/CPU/final_cpu/final_cpu/final_cpu.srcs/sources_1/new/if_id.v
update_compile_order -fileset sources_1
update_compile_order -fileset sources_1
update_compile_order -fileset sources_1
update_compile_order -fileset sources_1
save_project_as project_pipeline C:/Users/Administrator/Desktop/CPU/final_cpu/project_pipeline -force
