#-----------------------------------------------------------
# Vivado v2015.2 (64-bit)
# SW Build 1266856 on Fri Jun 26 16:35:25 MDT 2015
# IP Build 1264090 on Wed Jun 24 14:22:01 MDT 2015
# Start of session at: Thu Mar 07 00:35:53 2019
# Process ID: 1712
# Log file: F:/CPU/final_cpu/final_cpu/vivado.log
# Journal file: F:/CPU/final_cpu/final_cpu\vivado.jou
#-----------------------------------------------------------
start_gui
open_project F:/CPU/final_cpu/final_cpu/final_cpu.xpr
open_hw
connect_hw_server
open_hw_target [lindex [get_hw_targets -of_objects [get_hw_servers localhost]] 0]
set_property PROGRAM.FILE {F:/CPU/final_cpu/final_cpu/final_cpu.runs/impl_1/CPU.bit} [lindex [get_hw_devices] 0]
current_hw_device [lindex [get_hw_devices] 0]
refresh_hw_device -update_hw_probes false [lindex [get_hw_devices] 0]
set_property PROBES.FILE {} [lindex [get_hw_devices] 0]
set_property PROGRAM.FILE {F:/CPU/final_cpu/final_cpu/final_cpu.runs/impl_1/CPU.bit} [lindex [get_hw_devices] 0]
program_hw_devices [lindex [get_hw_devices] 0]
refresh_hw_device [lindex [get_hw_devices] 0]
reset_run impl_1
launch_runs impl_1
wait_on_run impl_1
launch_runs impl_1 -to_step write_bitstream
wait_on_run impl_1
set_property PROBES.FILE {} [lindex [get_hw_devices] 0]
set_property PROGRAM.FILE {F:/CPU/final_cpu/final_cpu/final_cpu.runs/impl_1/CPU.bit} [lindex [get_hw_devices] 0]
program_hw_devices [lindex [get_hw_devices] 0]
refresh_hw_device [lindex [get_hw_devices] 0]
reset_run synth_1
launch_runs impl_1
wait_on_run impl_1
launch_runs impl_1 -to_step write_bitstream
wait_on_run impl_1
reset_run impl_1 -prev_step 
launch_runs impl_1 -to_step write_bitstream
wait_on_run impl_1
reset_run synth_1
launch_runs impl_1
wait_on_run impl_1
launch_runs impl_1 -to_step write_bitstream
wait_on_run impl_1
reset_run synth_1
launch_runs impl_1
wait_on_run impl_1
launch_runs impl_1 -to_step write_bitstream
wait_on_run impl_1
set_property PROBES.FILE {} [lindex [get_hw_devices] 0]
set_property PROGRAM.FILE {F:/CPU/final_cpu/final_cpu/final_cpu.runs/impl_1/CPU.bit} [lindex [get_hw_devices] 0]
program_hw_devices [lindex [get_hw_devices] 0]
refresh_hw_device [lindex [get_hw_devices] 0]
reset_run synth_1
launch_runs impl_1
wait_on_run impl_1
launch_runs impl_1 -to_step write_bitstream
wait_on_run impl_1
set_property PROBES.FILE {} [lindex [get_hw_devices] 0]
set_property PROGRAM.FILE {F:/CPU/final_cpu/final_cpu/final_cpu.runs/impl_1/CPU.bit} [lindex [get_hw_devices] 0]
program_hw_devices [lindex [get_hw_devices] 0]
refresh_hw_device [lindex [get_hw_devices] 0]
update_compile_order -fileset sources_1
launch_simulation
source CPU_tb.tcl
restart
run all
reset_run synth_1
launch_runs impl_1
wait_on_run impl_1
update_compile_order -fileset sources_1
update_compile_order -fileset sources_1
update_compile_order -fileset sources_1
reset_run synth_1
launch_runs impl_1
wait_on_run impl_1
update_compile_order -fileset sources_1
update_compile_order -fileset sources_1
reset_run synth_1
launch_runs impl_1
wait_on_run impl_1
launch_runs impl_1 -to_step write_bitstream
wait_on_run impl_1
set_property PROBES.FILE {} [lindex [get_hw_devices] 0]
set_property PROGRAM.FILE {F:/CPU/final_cpu/final_cpu/final_cpu.runs/impl_1/CPU.bit} [lindex [get_hw_devices] 0]
program_hw_devices [lindex [get_hw_devices] 0]
refresh_hw_device [lindex [get_hw_devices] 0]
update_compile_order -fileset sources_1
save_wave_config {F:/CPU/final_cpu/final_cpu/CPU_tb_behav.wcfg}
add_files -fileset sim_1 -norecurse F:/CPU/final_cpu/final_cpu/CPU_tb_behav.wcfg
set_property xsim.view {{C:/Users/Administrator/Documents/Tencent Files/vivado/cpu_1/CPU_tb_behav.wcfg} F:/CPU/final_cpu/final_cpu/CPU_tb_behav.wcfg} [get_filesets sim_1]
close_sim
launch_simulation
open_wave_config F:/CPU/final_cpu/final_cpu/CPU_tb_behav.wcfg
source CPU_tb.tcl
add_wave {{/CPU_tb/CPU_test/RAM_instance/din}} {{/CPU_tb/CPU_test/RAM_instance/RAM_mode}} {{/CPU_tb/CPU_test/RAM_instance/WE}} {{/CPU_tb/CPU_test/RAM_instance/lh}} {{/CPU_tb/CPU_test/RAM_instance/out}} 
restart
run all
restart
run 50 ns
run 500 ns
restart
run 500 ns
restart
run 5000 ns
restart
run 50 us
save_wave_config {F:/CPU/final_cpu/final_cpu/CPU_tb_behav.wcfg}
close_sim
launch_simulation
open_wave_config F:/CPU/final_cpu/final_cpu/CPU_tb_behav.wcfg
source CPU_tb.tcl
save_wave_config {F:/CPU/final_cpu/final_cpu/CPU_tb_behav.wcfg}
close_sim
launch_simulation
open_wave_config F:/CPU/final_cpu/final_cpu/CPU_tb_behav.wcfg
source CPU_tb.tcl
reset_run synth_1
launch_runs impl_1
wait_on_run impl_1
update_compile_order -fileset sources_1
reset_run synth_1
launch_runs impl_1
wait_on_run impl_1
launch_runs impl_1 -to_step write_bitstream
wait_on_run impl_1
set_property PROBES.FILE {} [lindex [get_hw_devices] 0]
set_property PROGRAM.FILE {F:/CPU/final_cpu/final_cpu/final_cpu.runs/impl_1/CPU.bit} [lindex [get_hw_devices] 0]
program_hw_devices [lindex [get_hw_devices] 0]
refresh_hw_device [lindex [get_hw_devices] 0]
reset_run synth_1
launch_runs impl_1
wait_on_run impl_1
reset_run synth_1
launch_runs impl_1
wait_on_run impl_1
launch_runs impl_1 -to_step write_bitstream
wait_on_run impl_1
set_property PROBES.FILE {} [lindex [get_hw_devices] 0]
set_property PROGRAM.FILE {F:/CPU/final_cpu/final_cpu/final_cpu.runs/impl_1/CPU.bit} [lindex [get_hw_devices] 0]
program_hw_devices [lindex [get_hw_devices] 0]
refresh_hw_device [lindex [get_hw_devices] 0]
reset_run synth_1
launch_runs impl_1
wait_on_run impl_1
launch_runs impl_1 -to_step write_bitstream
wait_on_run impl_1
set_property PROBES.FILE {} [lindex [get_hw_devices] 0]
set_property PROGRAM.FILE {F:/CPU/final_cpu/final_cpu/final_cpu.runs/impl_1/CPU.bit} [lindex [get_hw_devices] 0]
program_hw_devices [lindex [get_hw_devices] 0]
refresh_hw_device [lindex [get_hw_devices] 0]
set_property PROBES.FILE {} [lindex [get_hw_devices] 0]
set_property PROGRAM.FILE {F:/CPU/final_cpu/final_cpu/final_cpu.runs/impl_1/CPU.bit} [lindex [get_hw_devices] 0]
program_hw_devices [lindex [get_hw_devices] 0]
refresh_hw_device [lindex [get_hw_devices] 0]
close_hw_target
close_sim
